// Jest Snapshot v1, https://goo.gl/fbAQLP

exports[`ProductItem matches snapshot 1`] = `
<DocumentFragment>
  <div>
    <div
      class="MuiPaper-root MuiPaper-elevation MuiPaper-rounded MuiPaper-elevation1 MuiCard-root css-bhp9pd-MuiPaper-root-MuiCard-root"
    >
      <img
        alt="Notebook Dell XPS"
        class="MuiCardMedia-root MuiCardMedia-media MuiCardMedia-img css-o69gx8-MuiCardMedia-root"
        height="140"
        src="https://images.unsplash.com/photo-1593642532744-d377ab507dc8?ixid=MXwxMjA3fDF8MHxwaG90by1wYWdlfHx8fGVufDB8fHw%3D&ixlib=rb-1.2.1&auto=format&fit=crop&w=750&q=80"
        width="140"
      />
      <div
        class="MuiCardContent-root css-46bh2p-MuiCardContent-root"
      >
        <h5
          aria-label="Notebook Dell XPS"
          class="MuiTypography-root MuiTypography-h5 MuiTypography-gutterBottom  e1vpryri0 css-j8s6xp-MuiTypography-root-ProductName"
          data-mui-internal-clone-element="true"
        >
          Notebook Dell XPS
        </h5>
        <p
          class="MuiTypography-root MuiTypography-body1 css-1m0ae9b-MuiTypography-root"
        >
          R$ 540,000.00
        </p>
      </div>
      <div
        class="MuiCardActions-root MuiCardActions-spacing css-1t6e9jv-MuiCardActions-root"
      >
        <button
          class="MuiButton-root MuiButton-text MuiButton-textPrimary MuiButton-sizeSmall MuiButton-textSizeSmall MuiButtonBase-root css-a529o-MuiButtonBase-root-MuiButton-root"
          tabindex="0"
        >
          <span
            class="MuiButton-label css-8xplcm-MuiButton-label"
          >
            Remover
          </span>
          <span
            class="MuiTouchRipple-root css-8je8zh-MuiTouchRipple-root"
          />
        </button>
        <button
          class="MuiButton-root MuiButton-text MuiButton-textPrimary MuiButton-sizeSmall MuiButton-textSizeSmall MuiButtonBase-root css-a529o-MuiButtonBase-root-MuiButton-root"
          tabindex="0"
        >
          <span
            class="MuiButton-label css-8xplcm-MuiButton-label"
          >
            Adicionar
          </span>
          <span
            class="MuiTouchRipple-root css-8je8zh-MuiTouchRipple-root"
          />
        </button>
      </div>
    </div>
  </div>
</DocumentFragment>
`;
